Running test test0...                                PASS
Running test test4...                                PASS
