Running test test0... PASS
Running test test1... PASS
Running test test2... PASS
Running test test3... ERROR
Running test test4... ERROR
Running test test5... PASS
