Running test test0... PASS
Running test test1... PASS
Running test test2... PASS
Running test test3... PASS
Running test test4... PASS
Running test test5... PASS
Running test test6... PASS
