Running test test0... PASS
Running test test1... PASS
